// Jest Snapshot v1, https://goo.gl/fbAQLP

exports[`Render VideoPlayer 1`] = `
<video
  autoPlay={false}
  height="175"
  loop={true}
  muted={true}
  poster="img/what-we-do-in-the-shadows.jpg"
  preload="none"
  src="https://upload.wikimedia.org/wikipedia/commons/transcoded/b/b3/Big_Buck_Bunny_Trailer_400p.ogv/Big_Buck_Bunny_Trailer_400p.ogv.360p.webm"
  width="280"
/>
`;
